../Core/Src/main.c:62:5:_write	24	static
../Core/Src/main.c:76:5:main	40	static,ignoring_inline_asm
../Core/Src/main.c:143:6:SystemClock_Config	80	static
../Core/Src/main.c:179:13:MX_TIM1_Init	32	static
../Core/Src/main.c:225:13:MX_USART2_UART_Init	8	static
../Core/Src/main.c:260:13:MX_GPIO_Init	48	static
../Core/Src/main.c:293:5:compare	16	static
../Core/Src/main.c:298:6:delay_us	16	static
../Core/Src/main.c:90:7:get_distance	16	static
../Core/Src/main.c:336:6:Error_Handler	8	static,ignoring_inline_asm
